/home/veeti/dippa/ros2_ws/install/safe_shared_control/lib/python3.10/site-packages/safe_shared_control/keyboard_teleop_node.py
/home/veeti/dippa/ros2_ws/install/safe_shared_control/lib/python3.10/site-packages/safe_shared_control/afs_mpc_controller_node.py
/home/veeti/dippa/ros2_ws/install/safe_shared_control/lib/python3.10/site-packages/safe_shared_control/__init__.py
/home/veeti/dippa/ros2_ws/install/safe_shared_control/lib/python3.10/site-packages/safe_shared_control/simulator_node.py
/home/veeti/dippa/ros2_ws/install/safe_shared_control/lib/python3.10/site-packages/safe_shared_control/controller_node.py
/home/veeti/dippa/ros2_ws/install/safe_shared_control/lib/python3.10/site-packages/safe_shared_control/__pycache__/keyboard_teleop_node.cpython-310.pyc
/home/veeti/dippa/ros2_ws/install/safe_shared_control/lib/python3.10/site-packages/safe_shared_control/__pycache__/afs_mpc_controller_node.cpython-310.pyc
/home/veeti/dippa/ros2_ws/install/safe_shared_control/lib/python3.10/site-packages/safe_shared_control/__pycache__/__init__.cpython-310.pyc
/home/veeti/dippa/ros2_ws/install/safe_shared_control/lib/python3.10/site-packages/safe_shared_control/__pycache__/simulator_node.cpython-310.pyc
/home/veeti/dippa/ros2_ws/install/safe_shared_control/lib/python3.10/site-packages/safe_shared_control/__pycache__/controller_node.cpython-310.pyc
/home/veeti/dippa/ros2_ws/install/safe_shared_control/share/ament_index/resource_index/packages/safe_shared_control
/home/veeti/dippa/ros2_ws/install/safe_shared_control/share/safe_shared_control/package.xml
/home/veeti/dippa/ros2_ws/install/safe_shared_control/share/safe_shared_control/launch/safe_shared_control.launch.py
/home/veeti/dippa/ros2_ws/install/safe_shared_control/share/safe_shared_control/rviz/afs.rviz
/home/veeti/dippa/ros2_ws/install/safe_shared_control/share/safe_shared_control/rviz/afs_mpc.rviz
/home/veeti/dippa/ros2_ws/install/safe_shared_control/lib/python3.10/site-packages/safe_shared_control-0.0.0-py3.10.egg-info/entry_points.txt
/home/veeti/dippa/ros2_ws/install/safe_shared_control/lib/python3.10/site-packages/safe_shared_control-0.0.0-py3.10.egg-info/top_level.txt
/home/veeti/dippa/ros2_ws/install/safe_shared_control/lib/python3.10/site-packages/safe_shared_control-0.0.0-py3.10.egg-info/dependency_links.txt
/home/veeti/dippa/ros2_ws/install/safe_shared_control/lib/python3.10/site-packages/safe_shared_control-0.0.0-py3.10.egg-info/PKG-INFO
/home/veeti/dippa/ros2_ws/install/safe_shared_control/lib/python3.10/site-packages/safe_shared_control-0.0.0-py3.10.egg-info/requires.txt
/home/veeti/dippa/ros2_ws/install/safe_shared_control/lib/python3.10/site-packages/safe_shared_control-0.0.0-py3.10.egg-info/SOURCES.txt
/home/veeti/dippa/ros2_ws/install/safe_shared_control/lib/python3.10/site-packages/safe_shared_control-0.0.0-py3.10.egg-info/zip-safe
/home/veeti/dippa/ros2_ws/install/safe_shared_control/lib/safe_shared_control/controller_node
/home/veeti/dippa/ros2_ws/install/safe_shared_control/lib/safe_shared_control/keyboard_teleop_node
/home/veeti/dippa/ros2_ws/install/safe_shared_control/lib/safe_shared_control/mpc_controller_node
/home/veeti/dippa/ros2_ws/install/safe_shared_control/lib/safe_shared_control/simulator_node
