[0.978s] Invoking command in '/home/veeti/dippa/ros2_ws/src/safe_shared_control': PYTHONPATH=/home/veeti/dippa/ros2_ws/build/safe_shared_control/prefix_override:/usr/lib/python3/dist-packages/colcon_core/task/python/colcon_distutils_commands:/home/veeti/dippa/ros2_ws/install/safe_shared_control/lib/python3.10/site-packages:${PYTHONPATH} /usr/bin/python3 -W ignore:setup.py install is deprecated setup.py egg_info --egg-base ../../build/safe_shared_control build --build-base /home/veeti/dippa/ros2_ws/build/safe_shared_control/build install --record /home/veeti/dippa/ros2_ws/build/safe_shared_control/install.log --single-version-externally-managed install_data
[1.165s] /home/veeti/.local/lib/python3.10/site-packages/setuptools/_distutils/dist.py:289: UserWarning: Unknown distribution option: 'tests_require'
[1.165s]   warnings.warn(msg)
[1.318s] running egg_info
[1.342s] writing ../../build/safe_shared_control/safe_shared_control.egg-info/PKG-INFO
[1.342s] writing dependency_links to ../../build/safe_shared_control/safe_shared_control.egg-info/dependency_links.txt
[1.343s] writing entry points to ../../build/safe_shared_control/safe_shared_control.egg-info/entry_points.txt
[1.343s] writing requirements to ../../build/safe_shared_control/safe_shared_control.egg-info/requires.txt
[1.343s] writing top-level names to ../../build/safe_shared_control/safe_shared_control.egg-info/top_level.txt
[1.394s] reading manifest file '../../build/safe_shared_control/safe_shared_control.egg-info/SOURCES.txt'
[1.396s] writing manifest file '../../build/safe_shared_control/safe_shared_control.egg-info/SOURCES.txt'
[1.396s] running build
[1.396s] running build_py
[1.396s] copying safe_shared_control/keyboard_teleop_node.py -> /home/veeti/dippa/ros2_ws/build/safe_shared_control/build/lib/safe_shared_control
[1.396s] copying safe_shared_control/afs_mpc_controller_node.py -> /home/veeti/dippa/ros2_ws/build/safe_shared_control/build/lib/safe_shared_control
[1.397s] copying safe_shared_control/__init__.py -> /home/veeti/dippa/ros2_ws/build/safe_shared_control/build/lib/safe_shared_control
[1.397s] copying safe_shared_control/simulator_node.py -> /home/veeti/dippa/ros2_ws/build/safe_shared_control/build/lib/safe_shared_control
[1.397s] copying safe_shared_control/controller_node.py -> /home/veeti/dippa/ros2_ws/build/safe_shared_control/build/lib/safe_shared_control
[1.397s] running install
[1.401s] running install_lib
[1.426s] running install_data
[1.426s] copying resource/safe_shared_control -> /home/veeti/dippa/ros2_ws/install/safe_shared_control/share/ament_index/resource_index/packages
[1.426s] copying package.xml -> /home/veeti/dippa/ros2_ws/install/safe_shared_control/share/safe_shared_control
[1.426s] copying launch/safe_shared_control.launch.py -> /home/veeti/dippa/ros2_ws/install/safe_shared_control/share/safe_shared_control/launch
[1.427s] copying rviz/afs.rviz -> /home/veeti/dippa/ros2_ws/install/safe_shared_control/share/safe_shared_control/rviz
[1.427s] copying rviz/afs_mpc.rviz -> /home/veeti/dippa/ros2_ws/install/safe_shared_control/share/safe_shared_control/rviz
[1.427s] running install_egg_info
[1.452s] removing '/home/veeti/dippa/ros2_ws/install/safe_shared_control/lib/python3.10/site-packages/safe_shared_control-0.0.0-py3.10.egg-info' (and everything under it)
[1.453s] Copying ../../build/safe_shared_control/safe_shared_control.egg-info to /home/veeti/dippa/ros2_ws/install/safe_shared_control/lib/python3.10/site-packages/safe_shared_control-0.0.0-py3.10.egg-info
[1.453s] running install_scripts
[1.507s] Installing controller_node script to /home/veeti/dippa/ros2_ws/install/safe_shared_control/lib/safe_shared_control
[1.508s] Installing keyboard_teleop_node script to /home/veeti/dippa/ros2_ws/install/safe_shared_control/lib/safe_shared_control
[1.508s] Installing mpc_controller_node script to /home/veeti/dippa/ros2_ws/install/safe_shared_control/lib/safe_shared_control
[1.508s] Installing simulator_node script to /home/veeti/dippa/ros2_ws/install/safe_shared_control/lib/safe_shared_control
[1.508s] writing list of installed files to '/home/veeti/dippa/ros2_ws/build/safe_shared_control/install.log'
[1.538s] Invoked command in '/home/veeti/dippa/ros2_ws/src/safe_shared_control' returned '0': PYTHONPATH=/home/veeti/dippa/ros2_ws/build/safe_shared_control/prefix_override:/usr/lib/python3/dist-packages/colcon_core/task/python/colcon_distutils_commands:/home/veeti/dippa/ros2_ws/install/safe_shared_control/lib/python3.10/site-packages:${PYTHONPATH} /usr/bin/python3 -W ignore:setup.py install is deprecated setup.py egg_info --egg-base ../../build/safe_shared_control build --build-base /home/veeti/dippa/ros2_ws/build/safe_shared_control/build install --record /home/veeti/dippa/ros2_ws/build/safe_shared_control/install.log --single-version-externally-managed install_data
