[1.401s] Invoking command in '/home/veeti/dippa/ros2_ws/src/safe_shared_control': PYTHONPATH=/home/veeti/dippa/ros2_ws/build/safe_shared_control/prefix_override:/usr/lib/python3/dist-packages/colcon_core/task/python/colcon_distutils_commands:/home/veeti/dippa/ros2_ws/install/safe_shared_control/lib/python3.10/site-packages:${PYTHONPATH} /usr/bin/python3 -W ignore:setup.py install is deprecated setup.py egg_info --egg-base ../../build/safe_shared_control build --build-base /home/veeti/dippa/ros2_ws/build/safe_shared_control/build install --record /home/veeti/dippa/ros2_ws/build/safe_shared_control/install.log --single-version-externally-managed install_data
[1.600s] /home/veeti/.local/lib/python3.10/site-packages/setuptools/_distutils/dist.py:289: UserWarning: Unknown distribution option: 'tests_require'
[1.600s]   warnings.warn(msg)
[1.758s] running egg_info
[1.782s] creating ../../build/safe_shared_control/safe_shared_control.egg-info
[1.782s] writing ../../build/safe_shared_control/safe_shared_control.egg-info/PKG-INFO
[1.783s] writing dependency_links to ../../build/safe_shared_control/safe_shared_control.egg-info/dependency_links.txt
[1.783s] writing entry points to ../../build/safe_shared_control/safe_shared_control.egg-info/entry_points.txt
[1.783s] writing requirements to ../../build/safe_shared_control/safe_shared_control.egg-info/requires.txt
[1.783s] writing top-level names to ../../build/safe_shared_control/safe_shared_control.egg-info/top_level.txt
[1.784s] writing manifest file '../../build/safe_shared_control/safe_shared_control.egg-info/SOURCES.txt'
[1.837s] reading manifest file '../../build/safe_shared_control/safe_shared_control.egg-info/SOURCES.txt'
[1.839s] writing manifest file '../../build/safe_shared_control/safe_shared_control.egg-info/SOURCES.txt'
[1.839s] running build
[1.839s] running build_py
[1.839s] creating /home/veeti/dippa/ros2_ws/build/safe_shared_control/build/lib/safe_shared_control
[1.840s] copying safe_shared_control/afs_mpc_controller_node.py -> /home/veeti/dippa/ros2_ws/build/safe_shared_control/build/lib/safe_shared_control
[1.906s] copying safe_shared_control/__init__.py -> /home/veeti/dippa/ros2_ws/build/safe_shared_control/build/lib/safe_shared_control
[1.906s] copying safe_shared_control/simulator_node.py -> /home/veeti/dippa/ros2_ws/build/safe_shared_control/build/lib/safe_shared_control
[1.907s] copying safe_shared_control/controller_node.py -> /home/veeti/dippa/ros2_ws/build/safe_shared_control/build/lib/safe_shared_control
[1.913s] running install
[1.928s] running install_lib
[1.973s] creating /home/veeti/dippa/ros2_ws/install/safe_shared_control/lib/python3.10/site-packages/safe_shared_control
[1.973s] copying /home/veeti/dippa/ros2_ws/build/safe_shared_control/build/lib/safe_shared_control/afs_mpc_controller_node.py -> /home/veeti/dippa/ros2_ws/install/safe_shared_control/lib/python3.10/site-packages/safe_shared_control
[1.973s] copying /home/veeti/dippa/ros2_ws/build/safe_shared_control/build/lib/safe_shared_control/__init__.py -> /home/veeti/dippa/ros2_ws/install/safe_shared_control/lib/python3.10/site-packages/safe_shared_control
[1.973s] copying /home/veeti/dippa/ros2_ws/build/safe_shared_control/build/lib/safe_shared_control/simulator_node.py -> /home/veeti/dippa/ros2_ws/install/safe_shared_control/lib/python3.10/site-packages/safe_shared_control
[1.973s] copying /home/veeti/dippa/ros2_ws/build/safe_shared_control/build/lib/safe_shared_control/controller_node.py -> /home/veeti/dippa/ros2_ws/install/safe_shared_control/lib/python3.10/site-packages/safe_shared_control
[1.974s] byte-compiling /home/veeti/dippa/ros2_ws/install/safe_shared_control/lib/python3.10/site-packages/safe_shared_control/afs_mpc_controller_node.py to afs_mpc_controller_node.cpython-310.pyc
[1.980s] byte-compiling /home/veeti/dippa/ros2_ws/install/safe_shared_control/lib/python3.10/site-packages/safe_shared_control/__init__.py to __init__.cpython-310.pyc
[1.980s] byte-compiling /home/veeti/dippa/ros2_ws/install/safe_shared_control/lib/python3.10/site-packages/safe_shared_control/simulator_node.py to simulator_node.cpython-310.pyc
[1.983s] byte-compiling /home/veeti/dippa/ros2_ws/install/safe_shared_control/lib/python3.10/site-packages/safe_shared_control/controller_node.py to controller_node.cpython-310.pyc
[1.986s] running install_data
[1.986s] creating /home/veeti/dippa/ros2_ws/install/safe_shared_control/share/ament_index/resource_index/packages
[1.987s] copying resource/safe_shared_control -> /home/veeti/dippa/ros2_ws/install/safe_shared_control/share/ament_index/resource_index/packages
[1.987s] copying package.xml -> /home/veeti/dippa/ros2_ws/install/safe_shared_control/share/safe_shared_control
[1.988s] running install_egg_info
[2.015s] Copying ../../build/safe_shared_control/safe_shared_control.egg-info to /home/veeti/dippa/ros2_ws/install/safe_shared_control/lib/python3.10/site-packages/safe_shared_control-0.0.0-py3.10.egg-info
[2.017s] running install_scripts
[2.070s] Installing controller_node script to /home/veeti/dippa/ros2_ws/install/safe_shared_control/lib/safe_shared_control
[2.071s] Installing simulator_node script to /home/veeti/dippa/ros2_ws/install/safe_shared_control/lib/safe_shared_control
[2.071s] writing list of installed files to '/home/veeti/dippa/ros2_ws/build/safe_shared_control/install.log'
[2.097s] Invoked command in '/home/veeti/dippa/ros2_ws/src/safe_shared_control' returned '0': PYTHONPATH=/home/veeti/dippa/ros2_ws/build/safe_shared_control/prefix_override:/usr/lib/python3/dist-packages/colcon_core/task/python/colcon_distutils_commands:/home/veeti/dippa/ros2_ws/install/safe_shared_control/lib/python3.10/site-packages:${PYTHONPATH} /usr/bin/python3 -W ignore:setup.py install is deprecated setup.py egg_info --egg-base ../../build/safe_shared_control build --build-base /home/veeti/dippa/ros2_ws/build/safe_shared_control/build install --record /home/veeti/dippa/ros2_ws/build/safe_shared_control/install.log --single-version-externally-managed install_data
