[1.154s] Invoking command in '/home/veeti/dippa/ros2_ws/src/safe_shared_control': PYTHONPATH=/home/veeti/dippa/ros2_ws/build/safe_shared_control/prefix_override:/usr/lib/python3/dist-packages/colcon_core/task/python/colcon_distutils_commands:/home/veeti/dippa/ros2_ws/install/safe_shared_control/lib/python3.10/site-packages:${PYTHONPATH} /usr/bin/python3 -W ignore:setup.py install is deprecated setup.py egg_info --egg-base ../../build/safe_shared_control build --build-base /home/veeti/dippa/ros2_ws/build/safe_shared_control/build install --record /home/veeti/dippa/ros2_ws/build/safe_shared_control/install.log --single-version-externally-managed install_data
[1.404s] /home/veeti/.local/lib/python3.10/site-packages/setuptools/_distutils/dist.py:289: UserWarning: Unknown distribution option: 'tests_require'
[1.404s]   warnings.warn(msg)
[1.598s] running egg_info
[1.630s] writing ../../build/safe_shared_control/safe_shared_control.egg-info/PKG-INFO
[1.631s] writing dependency_links to ../../build/safe_shared_control/safe_shared_control.egg-info/dependency_links.txt
[1.631s] writing entry points to ../../build/safe_shared_control/safe_shared_control.egg-info/entry_points.txt
[1.632s] writing requirements to ../../build/safe_shared_control/safe_shared_control.egg-info/requires.txt
[1.632s] writing top-level names to ../../build/safe_shared_control/safe_shared_control.egg-info/top_level.txt
[1.699s] reading manifest file '../../build/safe_shared_control/safe_shared_control.egg-info/SOURCES.txt'
[1.701s] writing manifest file '../../build/safe_shared_control/safe_shared_control.egg-info/SOURCES.txt'
[1.701s] running build
[1.701s] running build_py
[1.701s] copying safe_shared_control/keyboard_teleop_node.py -> /home/veeti/dippa/ros2_ws/build/safe_shared_control/build/lib/safe_shared_control
[1.702s] copying safe_shared_control/afs_mpc_controller_node.py -> /home/veeti/dippa/ros2_ws/build/safe_shared_control/build/lib/safe_shared_control
[1.702s] copying safe_shared_control/__init__.py -> /home/veeti/dippa/ros2_ws/build/safe_shared_control/build/lib/safe_shared_control
[1.702s] copying safe_shared_control/simulator_node.py -> /home/veeti/dippa/ros2_ws/build/safe_shared_control/build/lib/safe_shared_control
[1.703s] copying safe_shared_control/controller_node.py -> /home/veeti/dippa/ros2_ws/build/safe_shared_control/build/lib/safe_shared_control
[1.704s] running install
[1.709s] running install_lib
[1.746s] copying /home/veeti/dippa/ros2_ws/build/safe_shared_control/build/lib/safe_shared_control/afs_mpc_controller_node.py -> /home/veeti/dippa/ros2_ws/install/safe_shared_control/lib/python3.10/site-packages/safe_shared_control
[1.748s] byte-compiling /home/veeti/dippa/ros2_ws/install/safe_shared_control/lib/python3.10/site-packages/safe_shared_control/afs_mpc_controller_node.py to afs_mpc_controller_node.cpython-310.pyc
[1.756s] running install_data
[1.756s] copying resource/safe_shared_control -> /home/veeti/dippa/ros2_ws/install/safe_shared_control/share/ament_index/resource_index/packages
[1.757s] copying package.xml -> /home/veeti/dippa/ros2_ws/install/safe_shared_control/share/safe_shared_control
[1.757s] copying launch/safe_shared_control.launch.py -> /home/veeti/dippa/ros2_ws/install/safe_shared_control/share/safe_shared_control/launch
[1.758s] copying rviz/afs.rviz -> /home/veeti/dippa/ros2_ws/install/safe_shared_control/share/safe_shared_control/rviz
[1.758s] copying rviz/afs_mpc.rviz -> /home/veeti/dippa/ros2_ws/install/safe_shared_control/share/safe_shared_control/rviz
[1.759s] running install_egg_info
[1.794s] removing '/home/veeti/dippa/ros2_ws/install/safe_shared_control/lib/python3.10/site-packages/safe_shared_control-0.0.0-py3.10.egg-info' (and everything under it)
[1.795s] Copying ../../build/safe_shared_control/safe_shared_control.egg-info to /home/veeti/dippa/ros2_ws/install/safe_shared_control/lib/python3.10/site-packages/safe_shared_control-0.0.0-py3.10.egg-info
[1.796s] running install_scripts
[1.864s] Installing controller_node script to /home/veeti/dippa/ros2_ws/install/safe_shared_control/lib/safe_shared_control
[1.864s] Installing keyboard_teleop_node script to /home/veeti/dippa/ros2_ws/install/safe_shared_control/lib/safe_shared_control
[1.865s] Installing simulator_node script to /home/veeti/dippa/ros2_ws/install/safe_shared_control/lib/safe_shared_control
[1.866s] writing list of installed files to '/home/veeti/dippa/ros2_ws/build/safe_shared_control/install.log'
[1.908s] Invoked command in '/home/veeti/dippa/ros2_ws/src/safe_shared_control' returned '0': PYTHONPATH=/home/veeti/dippa/ros2_ws/build/safe_shared_control/prefix_override:/usr/lib/python3/dist-packages/colcon_core/task/python/colcon_distutils_commands:/home/veeti/dippa/ros2_ws/install/safe_shared_control/lib/python3.10/site-packages:${PYTHONPATH} /usr/bin/python3 -W ignore:setup.py install is deprecated setup.py egg_info --egg-base ../../build/safe_shared_control build --build-base /home/veeti/dippa/ros2_ws/build/safe_shared_control/build install --record /home/veeti/dippa/ros2_ws/build/safe_shared_control/install.log --single-version-externally-managed install_data
